// Jest Snapshot v1, https://goo.gl/fbAQLP

exports[`App is rendered correctly 1`] = `
<h1>
  app
</h1>
`;
